Analysis & Synthesis report for ochoBits
Thu Oct 17 21:18:39 2019
Quartus II 32-bit Version 12.1 Build 177 11/07/2012 SJ Web Edition


---------------------
; Table of Contents ;
---------------------
  1. Legal Notice
  2. Analysis & Synthesis Summary
  3. Analysis & Synthesis Settings
  4. Parallel Compilation
  5. Analysis & Synthesis Source Files Read
  6. Analysis & Synthesis Resource Usage Summary
  7. Analysis & Synthesis Resource Utilization by Entity
  8. User-Specified and Inferred Latches
  9. General Register Statistics
 10. Multiplexer Restructuring Statistics (Restructuring Performed)
 11. Elapsed Time Per Partition
 12. Analysis & Synthesis Messages



----------------
; Legal Notice ;
----------------
Copyright (C) 1991-2012 Altera Corporation
Your use of Altera Corporation's design tools, logic functions 
and other software and tools, and its AMPP partner logic 
functions, and any output files from any of the foregoing 
(including device programming or simulation files), and any 
associated documentation or information are expressly subject 
to the terms and conditions of the Altera Program License 
Subscription Agreement, Altera MegaCore Function License 
Agreement, or other applicable license agreement, including, 
without limitation, that your use is for the sole purpose of 
programming logic devices manufactured by Altera and sold by 
Altera or its authorized distributors.  Please refer to the 
applicable agreement for further details.



+-------------------------------------------------------------------------------+
; Analysis & Synthesis Summary                                                  ;
+------------------------------------+------------------------------------------+
; Analysis & Synthesis Status        ; Successful - Thu Oct 17 21:18:39 2019    ;
; Quartus II 32-bit Version          ; 12.1 Build 177 11/07/2012 SJ Web Edition ;
; Revision Name                      ; ochoBits                                 ;
; Top-level Entity Name              ; ochoBits                                 ;
; Family                             ; Cyclone IV E                             ;
; Total logic elements               ; 306                                      ;
;     Total combinational functions  ; 306                                      ;
;     Dedicated logic registers      ; 0                                        ;
; Total registers                    ; 0                                        ;
; Total pins                         ; 21                                       ;
; Total virtual pins                 ; 0                                        ;
; Total memory bits                  ; 0                                        ;
; Embedded Multiplier 9-bit elements ; 0                                        ;
; Total PLLs                         ; 0                                        ;
+------------------------------------+------------------------------------------+


+----------------------------------------------------------------------------------------------------------------------+
; Analysis & Synthesis Settings                                                                                        ;
+----------------------------------------------------------------------------+--------------------+--------------------+
; Option                                                                     ; Setting            ; Default Value      ;
+----------------------------------------------------------------------------+--------------------+--------------------+
; Device                                                                     ; EP4CE115F29C7      ;                    ;
; Top-level entity name                                                      ; ochoBits           ; ochoBits           ;
; Family name                                                                ; Cyclone IV E       ; Cyclone IV GX      ;
; Use smart compilation                                                      ; Off                ; Off                ;
; Enable parallel Assembler and TimeQuest Timing Analyzer during compilation ; On                 ; On                 ;
; Enable compact report table                                                ; Off                ; Off                ;
; Restructure Multiplexers                                                   ; Auto               ; Auto               ;
; Create Debugging Nodes for IP Cores                                        ; Off                ; Off                ;
; Preserve fewer node names                                                  ; On                 ; On                 ;
; Disable OpenCore Plus hardware evaluation                                  ; Off                ; Off                ;
; Verilog Version                                                            ; Verilog_2001       ; Verilog_2001       ;
; VHDL Version                                                               ; VHDL_1993          ; VHDL_1993          ;
; State Machine Processing                                                   ; Auto               ; Auto               ;
; Safe State Machine                                                         ; Off                ; Off                ;
; Extract Verilog State Machines                                             ; On                 ; On                 ;
; Extract VHDL State Machines                                                ; On                 ; On                 ;
; Ignore Verilog initial constructs                                          ; Off                ; Off                ;
; Iteration limit for constant Verilog loops                                 ; 5000               ; 5000               ;
; Iteration limit for non-constant Verilog loops                             ; 250                ; 250                ;
; Add Pass-Through Logic to Inferred RAMs                                    ; On                 ; On                 ;
; Infer RAMs from Raw Logic                                                  ; On                 ; On                 ;
; Parallel Synthesis                                                         ; On                 ; On                 ;
; DSP Block Balancing                                                        ; Auto               ; Auto               ;
; NOT Gate Push-Back                                                         ; On                 ; On                 ;
; Power-Up Don't Care                                                        ; On                 ; On                 ;
; Remove Redundant Logic Cells                                               ; Off                ; Off                ;
; Remove Duplicate Registers                                                 ; On                 ; On                 ;
; Ignore CARRY Buffers                                                       ; Off                ; Off                ;
; Ignore CASCADE Buffers                                                     ; Off                ; Off                ;
; Ignore GLOBAL Buffers                                                      ; Off                ; Off                ;
; Ignore ROW GLOBAL Buffers                                                  ; Off                ; Off                ;
; Ignore LCELL Buffers                                                       ; Off                ; Off                ;
; Ignore SOFT Buffers                                                        ; On                 ; On                 ;
; Limit AHDL Integers to 32 Bits                                             ; Off                ; Off                ;
; Optimization Technique                                                     ; Balanced           ; Balanced           ;
; Carry Chain Length                                                         ; 70                 ; 70                 ;
; Auto Carry Chains                                                          ; On                 ; On                 ;
; Auto Open-Drain Pins                                                       ; On                 ; On                 ;
; Perform WYSIWYG Primitive Resynthesis                                      ; Off                ; Off                ;
; Auto ROM Replacement                                                       ; On                 ; On                 ;
; Auto RAM Replacement                                                       ; On                 ; On                 ;
; Auto DSP Block Replacement                                                 ; On                 ; On                 ;
; Auto Shift Register Replacement                                            ; Auto               ; Auto               ;
; Allow Shift Register Merging across Hierarchies                            ; Auto               ; Auto               ;
; Auto Clock Enable Replacement                                              ; On                 ; On                 ;
; Strict RAM Replacement                                                     ; Off                ; Off                ;
; Allow Synchronous Control Signals                                          ; On                 ; On                 ;
; Force Use of Synchronous Clear Signals                                     ; Off                ; Off                ;
; Auto RAM Block Balancing                                                   ; On                 ; On                 ;
; Auto RAM to Logic Cell Conversion                                          ; Off                ; Off                ;
; Auto Resource Sharing                                                      ; Off                ; Off                ;
; Allow Any RAM Size For Recognition                                         ; Off                ; Off                ;
; Allow Any ROM Size For Recognition                                         ; Off                ; Off                ;
; Allow Any Shift Register Size For Recognition                              ; Off                ; Off                ;
; Use LogicLock Constraints during Resource Balancing                        ; On                 ; On                 ;
; Ignore translate_off and synthesis_off directives                          ; Off                ; Off                ;
; Timing-Driven Synthesis                                                    ; On                 ; On                 ;
; Report Parameter Settings                                                  ; On                 ; On                 ;
; Report Source Assignments                                                  ; On                 ; On                 ;
; Report Connectivity Checks                                                 ; On                 ; On                 ;
; Ignore Maximum Fan-Out Assignments                                         ; Off                ; Off                ;
; Synchronization Register Chain Length                                      ; 2                  ; 2                  ;
; PowerPlay Power Optimization                                               ; Normal compilation ; Normal compilation ;
; HDL message level                                                          ; Level2             ; Level2             ;
; Suppress Register Optimization Related Messages                            ; Off                ; Off                ;
; Number of Removed Registers Reported in Synthesis Report                   ; 5000               ; 5000               ;
; Number of Swept Nodes Reported in Synthesis Report                         ; 5000               ; 5000               ;
; Number of Inverted Registers Reported in Synthesis Report                  ; 100                ; 100                ;
; Clock MUX Protection                                                       ; On                 ; On                 ;
; Auto Gated Clock Conversion                                                ; Off                ; Off                ;
; Block Design Naming                                                        ; Auto               ; Auto               ;
; SDC constraint protection                                                  ; Off                ; Off                ;
; Synthesis Effort                                                           ; Auto               ; Auto               ;
; Shift Register Replacement - Allow Asynchronous Clear Signal               ; On                 ; On                 ;
; Pre-Mapping Resynthesis Optimization                                       ; Off                ; Off                ;
; Analysis & Synthesis Message Level                                         ; Medium             ; Medium             ;
; Disable Register Merging Across Hierarchies                                ; Auto               ; Auto               ;
; Resource Aware Inference For Block RAM                                     ; On                 ; On                 ;
; Synthesis Seed                                                             ; 1                  ; 1                  ;
+----------------------------------------------------------------------------+--------------------+--------------------+


+------------------------------------------+
; Parallel Compilation                     ;
+----------------------------+-------------+
; Processors                 ; Number      ;
+----------------------------+-------------+
; Number detected on machine ; 4           ;
; Maximum allowed            ; 2           ;
;                            ;             ;
; Average used               ; 1.00        ;
; Maximum used               ; 1           ;
;                            ;             ;
; Usage by Processor         ; % Time Used ;
;     1 processor            ; 100.0%      ;
;     2-4 processors         ;   0.0%      ;
+----------------------------+-------------+


+---------------------------------------------------------------------------------------------------------------------+
; Analysis & Synthesis Source Files Read                                                                              ;
+----------------------------------+-----------------+-----------------+------------------------------------+---------+
; File Name with User-Entered Path ; Used in Netlist ; File Type       ; File Name with Absolute Path       ; Library ;
+----------------------------------+-----------------+-----------------+------------------------------------+---------+
; ochoBits.vhd                     ; yes             ; User VHDL File  ; D:/Altera 12/ochoBits/ochoBits.vhd ;         ;
+----------------------------------+-----------------+-----------------+------------------------------------+---------+


+-----------------------------------------------------+
; Analysis & Synthesis Resource Usage Summary         ;
+---------------------------------------------+-------+
; Resource                                    ; Usage ;
+---------------------------------------------+-------+
; Estimated Total logic elements              ; 306   ;
;                                             ;       ;
; Total combinational functions               ; 306   ;
; Logic element usage by number of LUT inputs ;       ;
;     -- 4 input functions                    ; 120   ;
;     -- 3 input functions                    ; 184   ;
;     -- <=2 input functions                  ; 2     ;
;                                             ;       ;
; Logic elements by mode                      ;       ;
;     -- normal mode                          ; 298   ;
;     -- arithmetic mode                      ; 8     ;
;                                             ;       ;
; Total registers                             ; 0     ;
;     -- Dedicated logic registers            ; 0     ;
;     -- I/O registers                        ; 0     ;
;                                             ;       ;
; I/O pins                                    ; 21    ;
; Embedded Multiplier 9-bit elements          ; 0     ;
; Maximum fan-out                             ; 47    ;
; Total fan-out                               ; 1065  ;
; Average fan-out                             ; 3.06  ;
+---------------------------------------------+-------+


+-----------------------------------------------------------------------------------------------------------------------------------------------------------------------------+
; Analysis & Synthesis Resource Utilization by Entity                                                                                                                         ;
+----------------------------+-------------------+--------------+-------------+--------------+---------+-----------+------+--------------+---------------------+--------------+
; Compilation Hierarchy Node ; LC Combinationals ; LC Registers ; Memory Bits ; DSP Elements ; DSP 9x9 ; DSP 18x18 ; Pins ; Virtual Pins ; Full Hierarchy Name ; Library Name ;
+----------------------------+-------------------+--------------+-------------+--------------+---------+-----------+------+--------------+---------------------+--------------+
; |ochoBits                  ; 306 (306)         ; 0 (0)        ; 0           ; 0            ; 0       ; 0         ; 21   ; 0            ; |ochoBits           ;              ;
+----------------------------+-------------------+--------------+-------------+--------------+---------+-----------+------+--------------+---------------------+--------------+
Note: For table entries with two numbers listed, the numbers in parentheses indicate the number of resources of the given type used by the specific entity alone. The numbers listed outside of parentheses indicate the total resources of the given type used by the specific entity and all of its sub-entities in the hierarchy.


+-----------------------------------------------------------------------------------------------------+
; User-Specified and Inferred Latches                                                                 ;
+------------------------------------------------------+---------------------+------------------------+
; Latch Name                                           ; Latch Enable Signal ; Free of Timing Hazards ;
+------------------------------------------------------+---------------------+------------------------+
; out_alu[0]$latch                                     ; Mux21               ; yes                    ;
; out_alu[1]$latch                                     ; Mux21               ; yes                    ;
; out_alu[2]$latch                                     ; Mux21               ; yes                    ;
; out_alu[3]$latch                                     ; Mux21               ; yes                    ;
; out_alu[4]$latch                                     ; Mux21               ; yes                    ;
; out_alu[5]$latch                                     ; Mux21               ; yes                    ;
; out_alu[6]$latch                                     ; Mux21               ; yes                    ;
; out_alu[7]$latch                                     ; Mux21               ; yes                    ;
; buf_out[0]                                           ; Mux320              ; yes                    ;
; buf_out[1]                                           ; Mux320              ; yes                    ;
; buf_out[2]                                           ; Mux320              ; yes                    ;
; buf_out[3]                                           ; Mux320              ; yes                    ;
; buf_out[4]                                           ; Mux320              ; yes                    ;
; buf_out[5]                                           ; Mux320              ; yes                    ;
; buf_out[6]                                           ; Mux320              ; yes                    ;
; buf_out[7]                                           ; Mux320              ; yes                    ;
; reg1[0]                                              ; Mux23               ; yes                    ;
; reg1[1]                                              ; Mux23               ; yes                    ;
; reg1[2]                                              ; Mux23               ; yes                    ;
; reg1[3]                                              ; Mux23               ; yes                    ;
; reg1[4]                                              ; Mux23               ; yes                    ;
; reg1[5]                                              ; Mux23               ; yes                    ;
; reg1[6]                                              ; Mux23               ; yes                    ;
; reg1[7]                                              ; Mux23               ; yes                    ;
; Ax10[0]                                              ; Mux124              ; yes                    ;
; ram_sel[1]                                           ; Mux10               ; yes                    ;
; Ax09[0]                                              ; Mux142              ; yes                    ;
; ram_sel[0]                                           ; Mux10               ; yes                    ;
; Ax08[0]                                              ; Mux160              ; yes                    ;
; Ax11[0]                                              ; Mux106              ; yes                    ;
; ram_sel[3]                                           ; Mux10               ; yes                    ;
; Ax05[0]                                              ; Mux214              ; yes                    ;
; Ax06[0]                                              ; Mux196              ; yes                    ;
; Ax04[0]                                              ; Mux232              ; yes                    ;
; Ax07[0]                                              ; Mux178              ; yes                    ;
; ram_sel[2]                                           ; Mux10               ; yes                    ;
; Ax02[0]                                              ; Mux268              ; yes                    ;
; Ax01[0]                                              ; Mux286              ; yes                    ;
; Ax00[0]                                              ; Mux304              ; yes                    ;
; Ax03[0]                                              ; Mux250              ; yes                    ;
; Ax13[0]                                              ; Mux70               ; yes                    ;
; Ax14[0]                                              ; Mux52               ; yes                    ;
; Ax12[0]                                              ; Mux88               ; yes                    ;
; Ax15[0]                                              ; Mux34               ; yes                    ;
; Ax06[1]                                              ; Mux196              ; yes                    ;
; Ax10[1]                                              ; Mux124              ; yes                    ;
; Ax02[1]                                              ; Mux268              ; yes                    ;
; Ax14[1]                                              ; Mux52               ; yes                    ;
; Ax09[1]                                              ; Mux142              ; yes                    ;
; Ax05[1]                                              ; Mux214              ; yes                    ;
; Ax01[1]                                              ; Mux286              ; yes                    ;
; Ax13[1]                                              ; Mux70               ; yes                    ;
; Ax04[1]                                              ; Mux232              ; yes                    ;
; Ax08[1]                                              ; Mux160              ; yes                    ;
; Ax00[1]                                              ; Mux304              ; yes                    ;
; Ax12[1]                                              ; Mux88               ; yes                    ;
; Ax11[1]                                              ; Mux106              ; yes                    ;
; Ax07[1]                                              ; Mux178              ; yes                    ;
; Ax03[1]                                              ; Mux250              ; yes                    ;
; Ax15[1]                                              ; Mux34               ; yes                    ;
; Ax06[2]                                              ; Mux196              ; yes                    ;
; Ax05[2]                                              ; Mux214              ; yes                    ;
; Ax04[2]                                              ; Mux232              ; yes                    ;
; Ax07[2]                                              ; Mux178              ; yes                    ;
; Ax09[2]                                              ; Mux142              ; yes                    ;
; Ax10[2]                                              ; Mux124              ; yes                    ;
; Ax08[2]                                              ; Mux160              ; yes                    ;
; Ax11[2]                                              ; Mux106              ; yes                    ;
; Ax01[2]                                              ; Mux286              ; yes                    ;
; Ax02[2]                                              ; Mux268              ; yes                    ;
; Ax00[2]                                              ; Mux304              ; yes                    ;
; Ax03[2]                                              ; Mux250              ; yes                    ;
; Ax14[2]                                              ; Mux52               ; yes                    ;
; Ax13[2]                                              ; Mux70               ; yes                    ;
; Ax12[2]                                              ; Mux88               ; yes                    ;
; Ax15[2]                                              ; Mux34               ; yes                    ;
; Ax05[3]                                              ; Mux214              ; yes                    ;
; Ax09[3]                                              ; Mux142              ; yes                    ;
; Ax01[3]                                              ; Mux286              ; yes                    ;
; Ax13[3]                                              ; Mux70               ; yes                    ;
; Ax10[3]                                              ; Mux124              ; yes                    ;
; Ax06[3]                                              ; Mux196              ; yes                    ;
; Ax02[3]                                              ; Mux268              ; yes                    ;
; Ax14[3]                                              ; Mux52               ; yes                    ;
; Ax08[3]                                              ; Mux160              ; yes                    ;
; Ax04[3]                                              ; Mux232              ; yes                    ;
; Ax00[3]                                              ; Mux304              ; yes                    ;
; Ax12[3]                                              ; Mux88               ; yes                    ;
; Ax07[3]                                              ; Mux178              ; yes                    ;
; Ax11[3]                                              ; Mux106              ; yes                    ;
; Ax03[3]                                              ; Mux250              ; yes                    ;
; Ax15[3]                                              ; Mux34               ; yes                    ;
; Ax10[4]                                              ; Mux124              ; yes                    ;
; Ax09[4]                                              ; Mux142              ; yes                    ;
; Ax08[4]                                              ; Mux160              ; yes                    ;
; Ax11[4]                                              ; Mux106              ; yes                    ;
; Ax05[4]                                              ; Mux214              ; yes                    ;
; Ax06[4]                                              ; Mux196              ; yes                    ;
; Ax04[4]                                              ; Mux232              ; yes                    ;
; Ax07[4]                                              ; Mux178              ; yes                    ;
; Number of user-specified and inferred latches = 156  ;                     ;                        ;
+------------------------------------------------------+---------------------+------------------------+
Table restricted to first 100 entries. Note: All latches listed above may not be present at the end of synthesis due to various synthesis optimizations.


+------------------------------------------------------+
; General Register Statistics                          ;
+----------------------------------------------+-------+
; Statistic                                    ; Value ;
+----------------------------------------------+-------+
; Total registers                              ; 0     ;
; Number of registers using Synchronous Clear  ; 0     ;
; Number of registers using Synchronous Load   ; 0     ;
; Number of registers using Asynchronous Clear ; 0     ;
; Number of registers using Asynchronous Load  ; 0     ;
; Number of registers using Clock Enable       ; 0     ;
; Number of registers using Preset             ; 0     ;
+----------------------------------------------+-------+


+------------------------------------------------------------------------------------------------------------------------------------------+
; Multiplexer Restructuring Statistics (Restructuring Performed)                                                                           ;
+--------------------+-----------+---------------+----------------------+------------------------+------------+----------------------------+
; Multiplexer Inputs ; Bus Width ; Baseline Area ; Area if Restructured ; Saving if Restructured ; Registered ; Example Multiplexer Output ;
+--------------------+-----------+---------------+----------------------+------------------------+------------+----------------------------+
; 1:1                ; 8 bits    ; 0 LEs         ; 0 LEs                ; 0 LEs                  ; No         ; |ochoBits|Mux13            ;
; 4:1                ; 4 bits    ; 8 LEs         ; 0 LEs                ; 8 LEs                  ; No         ; |ochoBits|Add0             ;
; 8:1                ; 8 bits    ; 40 LEs        ; 24 LEs               ; 16 LEs                 ; No         ; |ochoBits|Mux319           ;
; 4:1                ; 8 bits    ; 16 LEs        ; 16 LEs               ; 0 LEs                  ; No         ; |ochoBits|Add0             ;
; 1:1                ; 8 bits    ; 0 LEs         ; 0 LEs                ; 0 LEs                  ; No         ; |ochoBits|Mux47            ;
; 1:1                ; 8 bits    ; 0 LEs         ; 0 LEs                ; 0 LEs                  ; No         ; |ochoBits|Mux53            ;
; 1:1                ; 8 bits    ; 0 LEs         ; 0 LEs                ; 0 LEs                  ; No         ; |ochoBits|Mux79            ;
; 1:1                ; 8 bits    ; 0 LEs         ; 0 LEs                ; 0 LEs                  ; No         ; |ochoBits|Mux99            ;
; 1:1                ; 8 bits    ; 0 LEs         ; 0 LEs                ; 0 LEs                  ; No         ; |ochoBits|Mux111           ;
; 1:1                ; 8 bits    ; 0 LEs         ; 0 LEs                ; 0 LEs                  ; No         ; |ochoBits|Mux121           ;
; 1:1                ; 8 bits    ; 0 LEs         ; 0 LEs                ; 0 LEs                  ; No         ; |ochoBits|Mux145           ;
; 1:1                ; 8 bits    ; 0 LEs         ; 0 LEs                ; 0 LEs                  ; No         ; |ochoBits|Mux169           ;
; 1:1                ; 8 bits    ; 0 LEs         ; 0 LEs                ; 0 LEs                  ; No         ; |ochoBits|Mux185           ;
; 1:1                ; 8 bits    ; 0 LEs         ; 0 LEs                ; 0 LEs                  ; No         ; |ochoBits|Mux193           ;
; 1:1                ; 8 bits    ; 0 LEs         ; 0 LEs                ; 0 LEs                  ; No         ; |ochoBits|Mux219           ;
; 1:1                ; 8 bits    ; 0 LEs         ; 0 LEs                ; 0 LEs                  ; No         ; |ochoBits|Mux243           ;
; 1:1                ; 8 bits    ; 0 LEs         ; 0 LEs                ; 0 LEs                  ; No         ; |ochoBits|Mux261           ;
; 1:1                ; 8 bits    ; 0 LEs         ; 0 LEs                ; 0 LEs                  ; No         ; |ochoBits|Mux275           ;
; 1:1                ; 8 bits    ; 0 LEs         ; 0 LEs                ; 0 LEs                  ; No         ; |ochoBits|Mux297           ;
; 1:1                ; 8 bits    ; 0 LEs         ; 0 LEs                ; 0 LEs                  ; No         ; |ochoBits|Mux313           ;
; 16:1               ; 8 bits    ; 80 LEs        ; 80 LEs               ; 0 LEs                  ; No         ; |ochoBits|Mux30            ;
; 1:1                ; 4 bits    ; 0 LEs         ; 0 LEs                ; 0 LEs                  ; No         ; |ochoBits|Mux0             ;
+--------------------+-----------+---------------+----------------------+------------------------+------------+----------------------------+


+-------------------------------+
; Elapsed Time Per Partition    ;
+----------------+--------------+
; Partition Name ; Elapsed Time ;
+----------------+--------------+
; Top            ; 00:00:01     ;
+----------------+--------------+


+-------------------------------+
; Analysis & Synthesis Messages ;
+-------------------------------+
Info: *******************************************************************
Info: Running Quartus II 32-bit Analysis & Synthesis
    Info: Version 12.1 Build 177 11/07/2012 SJ Web Edition
    Info: Processing started: Thu Oct 17 21:18:36 2019
Info: Command: quartus_map --read_settings_files=on --write_settings_files=off ochoBits -c ochoBits
Info (11104): Parallel Compilation has detected 4 hyper-threaded processors. However, the extra hyper-threaded processors will not be used by default. Parallel Compilation will use 2 of the 2 physical processors detected instead.
Warning (12019): Can't analyze file -- file ochoBits.v is missing
Warning (12019): Can't analyze file -- file ALU.v is missing
Info (12021): Found 2 design units, including 1 entities, in source file ochobits.vhd
    Info (12022): Found design unit 1: ochoBits-Behavioral
    Info (12023): Found entity 1: ochoBits
Info (12021): Found 2 design units, including 1 entities, in source file alu.vhd
    Info (12022): Found design unit 1: ALU-Behavioral
    Info (12023): Found entity 1: ALU
Info (12127): Elaborating entity "ochoBits" for the top level hierarchy
Warning (10631): VHDL Process Statement warning at ochoBits.vhd(15): inferring latch(es) for signal or variable "buf_out", which holds its previous value in one or more paths through the process
Warning (10631): VHDL Process Statement warning at ochoBits.vhd(15): inferring latch(es) for signal or variable "Ax00", which holds its previous value in one or more paths through the process
Warning (10631): VHDL Process Statement warning at ochoBits.vhd(15): inferring latch(es) for signal or variable "Ax01", which holds its previous value in one or more paths through the process
Warning (10631): VHDL Process Statement warning at ochoBits.vhd(15): inferring latch(es) for signal or variable "Ax02", which holds its previous value in one or more paths through the process
Warning (10631): VHDL Process Statement warning at ochoBits.vhd(15): inferring latch(es) for signal or variable "Ax03", which holds its previous value in one or more paths through the process
Warning (10631): VHDL Process Statement warning at ochoBits.vhd(15): inferring latch(es) for signal or variable "Ax04", which holds its previous value in one or more paths through the process
Warning (10631): VHDL Process Statement warning at ochoBits.vhd(15): inferring latch(es) for signal or variable "Ax05", which holds its previous value in one or more paths through the process
Warning (10631): VHDL Process Statement warning at ochoBits.vhd(15): inferring latch(es) for signal or variable "Ax06", which holds its previous value in one or more paths through the process
Warning (10631): VHDL Process Statement warning at ochoBits.vhd(15): inferring latch(es) for signal or variable "Ax07", which holds its previous value in one or more paths through the process
Warning (10631): VHDL Process Statement warning at ochoBits.vhd(15): inferring latch(es) for signal or variable "Ax08", which holds its previous value in one or more paths through the process
Warning (10631): VHDL Process Statement warning at ochoBits.vhd(15): inferring latch(es) for signal or variable "Ax09", which holds its previous value in one or more paths through the process
Warning (10631): VHDL Process Statement warning at ochoBits.vhd(15): inferring latch(es) for signal or variable "Ax10", which holds its previous value in one or more paths through the process
Warning (10631): VHDL Process Statement warning at ochoBits.vhd(15): inferring latch(es) for signal or variable "Ax11", which holds its previous value in one or more paths through the process
Warning (10631): VHDL Process Statement warning at ochoBits.vhd(15): inferring latch(es) for signal or variable "Ax12", which holds its previous value in one or more paths through the process
Warning (10631): VHDL Process Statement warning at ochoBits.vhd(15): inferring latch(es) for signal or variable "Ax13", which holds its previous value in one or more paths through the process
Warning (10631): VHDL Process Statement warning at ochoBits.vhd(15): inferring latch(es) for signal or variable "Ax14", which holds its previous value in one or more paths through the process
Warning (10631): VHDL Process Statement warning at ochoBits.vhd(15): inferring latch(es) for signal or variable "Ax15", which holds its previous value in one or more paths through the process
Warning (10631): VHDL Process Statement warning at ochoBits.vhd(15): inferring latch(es) for signal or variable "reg1", which holds its previous value in one or more paths through the process
Warning (10631): VHDL Process Statement warning at ochoBits.vhd(15): inferring latch(es) for signal or variable "out_alu", which holds its previous value in one or more paths through the process
Warning (10631): VHDL Process Statement warning at ochoBits.vhd(15): inferring latch(es) for signal or variable "ram_sel", which holds its previous value in one or more paths through the process
Info (10041): Inferred latch for "ram_sel[0]" at ochoBits.vhd(15)
Info (10041): Inferred latch for "ram_sel[1]" at ochoBits.vhd(15)
Info (10041): Inferred latch for "ram_sel[2]" at ochoBits.vhd(15)
Info (10041): Inferred latch for "ram_sel[3]" at ochoBits.vhd(15)
Info (10041): Inferred latch for "out_alu[0]" at ochoBits.vhd(15)
Info (10041): Inferred latch for "out_alu[1]" at ochoBits.vhd(15)
Info (10041): Inferred latch for "out_alu[2]" at ochoBits.vhd(15)
Info (10041): Inferred latch for "out_alu[3]" at ochoBits.vhd(15)
Info (10041): Inferred latch for "out_alu[4]" at ochoBits.vhd(15)
Info (10041): Inferred latch for "out_alu[5]" at ochoBits.vhd(15)
Info (10041): Inferred latch for "out_alu[6]" at ochoBits.vhd(15)
Info (10041): Inferred latch for "out_alu[7]" at ochoBits.vhd(15)
Info (10041): Inferred latch for "reg1[0]" at ochoBits.vhd(15)
Info (10041): Inferred latch for "reg1[1]" at ochoBits.vhd(15)
Info (10041): Inferred latch for "reg1[2]" at ochoBits.vhd(15)
Info (10041): Inferred latch for "reg1[3]" at ochoBits.vhd(15)
Info (10041): Inferred latch for "reg1[4]" at ochoBits.vhd(15)
Info (10041): Inferred latch for "reg1[5]" at ochoBits.vhd(15)
Info (10041): Inferred latch for "reg1[6]" at ochoBits.vhd(15)
Info (10041): Inferred latch for "reg1[7]" at ochoBits.vhd(15)
Info (10041): Inferred latch for "Ax15[0]" at ochoBits.vhd(15)
Info (10041): Inferred latch for "Ax15[1]" at ochoBits.vhd(15)
Info (10041): Inferred latch for "Ax15[2]" at ochoBits.vhd(15)
Info (10041): Inferred latch for "Ax15[3]" at ochoBits.vhd(15)
Info (10041): Inferred latch for "Ax15[4]" at ochoBits.vhd(15)
Info (10041): Inferred latch for "Ax15[5]" at ochoBits.vhd(15)
Info (10041): Inferred latch for "Ax15[6]" at ochoBits.vhd(15)
Info (10041): Inferred latch for "Ax15[7]" at ochoBits.vhd(15)
Info (10041): Inferred latch for "Ax14[0]" at ochoBits.vhd(15)
Info (10041): Inferred latch for "Ax14[1]" at ochoBits.vhd(15)
Info (10041): Inferred latch for "Ax14[2]" at ochoBits.vhd(15)
Info (10041): Inferred latch for "Ax14[3]" at ochoBits.vhd(15)
Info (10041): Inferred latch for "Ax14[4]" at ochoBits.vhd(15)
Info (10041): Inferred latch for "Ax14[5]" at ochoBits.vhd(15)
Info (10041): Inferred latch for "Ax14[6]" at ochoBits.vhd(15)
Info (10041): Inferred latch for "Ax14[7]" at ochoBits.vhd(15)
Info (10041): Inferred latch for "Ax13[0]" at ochoBits.vhd(15)
Info (10041): Inferred latch for "Ax13[1]" at ochoBits.vhd(15)
Info (10041): Inferred latch for "Ax13[2]" at ochoBits.vhd(15)
Info (10041): Inferred latch for "Ax13[3]" at ochoBits.vhd(15)
Info (10041): Inferred latch for "Ax13[4]" at ochoBits.vhd(15)
Info (10041): Inferred latch for "Ax13[5]" at ochoBits.vhd(15)
Info (10041): Inferred latch for "Ax13[6]" at ochoBits.vhd(15)
Info (10041): Inferred latch for "Ax13[7]" at ochoBits.vhd(15)
Info (10041): Inferred latch for "Ax12[0]" at ochoBits.vhd(15)
Info (10041): Inferred latch for "Ax12[1]" at ochoBits.vhd(15)
Info (10041): Inferred latch for "Ax12[2]" at ochoBits.vhd(15)
Info (10041): Inferred latch for "Ax12[3]" at ochoBits.vhd(15)
Info (10041): Inferred latch for "Ax12[4]" at ochoBits.vhd(15)
Info (10041): Inferred latch for "Ax12[5]" at ochoBits.vhd(15)
Info (10041): Inferred latch for "Ax12[6]" at ochoBits.vhd(15)
Info (10041): Inferred latch for "Ax12[7]" at ochoBits.vhd(15)
Info (10041): Inferred latch for "Ax11[0]" at ochoBits.vhd(15)
Info (10041): Inferred latch for "Ax11[1]" at ochoBits.vhd(15)
Info (10041): Inferred latch for "Ax11[2]" at ochoBits.vhd(15)
Info (10041): Inferred latch for "Ax11[3]" at ochoBits.vhd(15)
Info (10041): Inferred latch for "Ax11[4]" at ochoBits.vhd(15)
Info (10041): Inferred latch for "Ax11[5]" at ochoBits.vhd(15)
Info (10041): Inferred latch for "Ax11[6]" at ochoBits.vhd(15)
Info (10041): Inferred latch for "Ax11[7]" at ochoBits.vhd(15)
Info (10041): Inferred latch for "Ax10[0]" at ochoBits.vhd(15)
Info (10041): Inferred latch for "Ax10[1]" at ochoBits.vhd(15)
Info (10041): Inferred latch for "Ax10[2]" at ochoBits.vhd(15)
Info (10041): Inferred latch for "Ax10[3]" at ochoBits.vhd(15)
Info (10041): Inferred latch for "Ax10[4]" at ochoBits.vhd(15)
Info (10041): Inferred latch for "Ax10[5]" at ochoBits.vhd(15)
Info (10041): Inferred latch for "Ax10[6]" at ochoBits.vhd(15)
Info (10041): Inferred latch for "Ax10[7]" at ochoBits.vhd(15)
Info (10041): Inferred latch for "Ax09[0]" at ochoBits.vhd(15)
Info (10041): Inferred latch for "Ax09[1]" at ochoBits.vhd(15)
Info (10041): Inferred latch for "Ax09[2]" at ochoBits.vhd(15)
Info (10041): Inferred latch for "Ax09[3]" at ochoBits.vhd(15)
Info (10041): Inferred latch for "Ax09[4]" at ochoBits.vhd(15)
Info (10041): Inferred latch for "Ax09[5]" at ochoBits.vhd(15)
Info (10041): Inferred latch for "Ax09[6]" at ochoBits.vhd(15)
Info (10041): Inferred latch for "Ax09[7]" at ochoBits.vhd(15)
Info (10041): Inferred latch for "Ax08[0]" at ochoBits.vhd(15)
Info (10041): Inferred latch for "Ax08[1]" at ochoBits.vhd(15)
Info (10041): Inferred latch for "Ax08[2]" at ochoBits.vhd(15)
Info (10041): Inferred latch for "Ax08[3]" at ochoBits.vhd(15)
Info (10041): Inferred latch for "Ax08[4]" at ochoBits.vhd(15)
Info (10041): Inferred latch for "Ax08[5]" at ochoBits.vhd(15)
Info (10041): Inferred latch for "Ax08[6]" at ochoBits.vhd(15)
Info (10041): Inferred latch for "Ax08[7]" at ochoBits.vhd(15)
Info (10041): Inferred latch for "Ax07[0]" at ochoBits.vhd(15)
Info (10041): Inferred latch for "Ax07[1]" at ochoBits.vhd(15)
Info (10041): Inferred latch for "Ax07[2]" at ochoBits.vhd(15)
Info (10041): Inferred latch for "Ax07[3]" at ochoBits.vhd(15)
Info (10041): Inferred latch for "Ax07[4]" at ochoBits.vhd(15)
Info (10041): Inferred latch for "Ax07[5]" at ochoBits.vhd(15)
Info (10041): Inferred latch for "Ax07[6]" at ochoBits.vhd(15)
Info (10041): Inferred latch for "Ax07[7]" at ochoBits.vhd(15)
Info (10041): Inferred latch for "Ax06[0]" at ochoBits.vhd(15)
Info (10041): Inferred latch for "Ax06[1]" at ochoBits.vhd(15)
Info (10041): Inferred latch for "Ax06[2]" at ochoBits.vhd(15)
Info (10041): Inferred latch for "Ax06[3]" at ochoBits.vhd(15)
Info (10041): Inferred latch for "Ax06[4]" at ochoBits.vhd(15)
Info (10041): Inferred latch for "Ax06[5]" at ochoBits.vhd(15)
Info (10041): Inferred latch for "Ax06[6]" at ochoBits.vhd(15)
Info (10041): Inferred latch for "Ax06[7]" at ochoBits.vhd(15)
Info (10041): Inferred latch for "Ax05[0]" at ochoBits.vhd(15)
Info (10041): Inferred latch for "Ax05[1]" at ochoBits.vhd(15)
Info (10041): Inferred latch for "Ax05[2]" at ochoBits.vhd(15)
Info (10041): Inferred latch for "Ax05[3]" at ochoBits.vhd(15)
Info (10041): Inferred latch for "Ax05[4]" at ochoBits.vhd(15)
Info (10041): Inferred latch for "Ax05[5]" at ochoBits.vhd(15)
Info (10041): Inferred latch for "Ax05[6]" at ochoBits.vhd(15)
Info (10041): Inferred latch for "Ax05[7]" at ochoBits.vhd(15)
Info (10041): Inferred latch for "Ax04[0]" at ochoBits.vhd(15)
Info (10041): Inferred latch for "Ax04[1]" at ochoBits.vhd(15)
Info (10041): Inferred latch for "Ax04[2]" at ochoBits.vhd(15)
Info (10041): Inferred latch for "Ax04[3]" at ochoBits.vhd(15)
Info (10041): Inferred latch for "Ax04[4]" at ochoBits.vhd(15)
Info (10041): Inferred latch for "Ax04[5]" at ochoBits.vhd(15)
Info (10041): Inferred latch for "Ax04[6]" at ochoBits.vhd(15)
Info (10041): Inferred latch for "Ax04[7]" at ochoBits.vhd(15)
Info (10041): Inferred latch for "Ax03[0]" at ochoBits.vhd(15)
Info (10041): Inferred latch for "Ax03[1]" at ochoBits.vhd(15)
Info (10041): Inferred latch for "Ax03[2]" at ochoBits.vhd(15)
Info (10041): Inferred latch for "Ax03[3]" at ochoBits.vhd(15)
Info (10041): Inferred latch for "Ax03[4]" at ochoBits.vhd(15)
Info (10041): Inferred latch for "Ax03[5]" at ochoBits.vhd(15)
Info (10041): Inferred latch for "Ax03[6]" at ochoBits.vhd(15)
Info (10041): Inferred latch for "Ax03[7]" at ochoBits.vhd(15)
Info (10041): Inferred latch for "Ax02[0]" at ochoBits.vhd(15)
Info (10041): Inferred latch for "Ax02[1]" at ochoBits.vhd(15)
Info (10041): Inferred latch for "Ax02[2]" at ochoBits.vhd(15)
Info (10041): Inferred latch for "Ax02[3]" at ochoBits.vhd(15)
Info (10041): Inferred latch for "Ax02[4]" at ochoBits.vhd(15)
Info (10041): Inferred latch for "Ax02[5]" at ochoBits.vhd(15)
Info (10041): Inferred latch for "Ax02[6]" at ochoBits.vhd(15)
Info (10041): Inferred latch for "Ax02[7]" at ochoBits.vhd(15)
Info (10041): Inferred latch for "Ax01[0]" at ochoBits.vhd(15)
Info (10041): Inferred latch for "Ax01[1]" at ochoBits.vhd(15)
Info (10041): Inferred latch for "Ax01[2]" at ochoBits.vhd(15)
Info (10041): Inferred latch for "Ax01[3]" at ochoBits.vhd(15)
Info (10041): Inferred latch for "Ax01[4]" at ochoBits.vhd(15)
Info (10041): Inferred latch for "Ax01[5]" at ochoBits.vhd(15)
Info (10041): Inferred latch for "Ax01[6]" at ochoBits.vhd(15)
Info (10041): Inferred latch for "Ax01[7]" at ochoBits.vhd(15)
Info (10041): Inferred latch for "Ax00[0]" at ochoBits.vhd(15)
Info (10041): Inferred latch for "Ax00[1]" at ochoBits.vhd(15)
Info (10041): Inferred latch for "Ax00[2]" at ochoBits.vhd(15)
Info (10041): Inferred latch for "Ax00[3]" at ochoBits.vhd(15)
Info (10041): Inferred latch for "Ax00[4]" at ochoBits.vhd(15)
Info (10041): Inferred latch for "Ax00[5]" at ochoBits.vhd(15)
Info (10041): Inferred latch for "Ax00[6]" at ochoBits.vhd(15)
Info (10041): Inferred latch for "Ax00[7]" at ochoBits.vhd(15)
Info (10041): Inferred latch for "buf_out[0]" at ochoBits.vhd(15)
Info (10041): Inferred latch for "buf_out[1]" at ochoBits.vhd(15)
Info (10041): Inferred latch for "buf_out[2]" at ochoBits.vhd(15)
Info (10041): Inferred latch for "buf_out[3]" at ochoBits.vhd(15)
Info (10041): Inferred latch for "buf_out[4]" at ochoBits.vhd(15)
Info (10041): Inferred latch for "buf_out[5]" at ochoBits.vhd(15)
Info (10041): Inferred latch for "buf_out[6]" at ochoBits.vhd(15)
Info (10041): Inferred latch for "buf_out[7]" at ochoBits.vhd(15)
Info (286030): Timing-Driven Synthesis is running
Info (16010): Generating hard_block partition "hard_block:auto_generated_inst"
    Info (16011): Adding 0 node(s), including 0 DDIO, 0 PLL, 0 transceiver and 0 LCELL
Info (21057): Implemented 327 device resources after synthesis - the final resource count might be different
    Info (21058): Implemented 13 input pins
    Info (21059): Implemented 8 output pins
    Info (21061): Implemented 306 logic cells
Info: Quartus II 32-bit Analysis & Synthesis was successful. 0 errors, 22 warnings
    Info: Peak virtual memory: 393 megabytes
    Info: Processing ended: Thu Oct 17 21:18:39 2019
    Info: Elapsed time: 00:00:03
    Info: Total CPU time (on all processors): 00:00:03


